
> frontend@0.0.0 build
> tsc -b && vite build

[36mvite v7.3.1 [32mbuilding client environment for production...[36m[39m
transforming...
[32mÔ£ô[39m 1245 modules transformed.
rendering chunks...
computing gzip size...
[2mdist/[22m[32mindex.html                         [39m[1m[2m    0.47 kB[22m[1m[22m[2m Ôöé gzip:   0.30 kB[22m
[2mdist/[22m[35massets/GraphExplorer-BZV40eAE.css  [39m[1m[2m   15.85 kB[22m[1m[22m[2m Ôöé gzip:   2.66 kB[22m
[2mdist/[22m[35massets/index-CKdDfthO.css          [39m[1m[2m   17.61 kB[22m[1m[22m[2m Ôöé gzip:   3.66 kB[22m
[2mdist/[22m[36massets/office_small-BStFvcdU.js    [39m[1m[2m   97.84 kB[22m[1m[22m[2m Ôöé gzip:  37.50 kB[22m
[2mdist/[22m[36massets/GraphExplorer-Be4mEfa3.js   [39m[1m[2m  361.05 kB[22m[1m[22m[2m Ôöé gzip: 104.11 kB[22m
[2mdist/[22m[36massets/meeting_room-COtFIOij.js    [39m[1m[2m  409.87 kB[22m[1m[22m[2m Ôöé gzip: 142.60 kB[22m
[2mdist/[22m[36massets/office_large-DoJFWIAy.js    [39m[1m[33m  548.70 kB[39m[22m[2m Ôöé gzip: 199.40 kB[22m
[2mdist/[22m[36massets/index-BbvpRh7-.js           [39m[1m[33m  636.45 kB[39m[22m[2m Ôöé gzip: 163.49 kB[22m
[2mdist/[22m[36massets/GraphView3D-4Me7AmNF.js     [39m[1m[33m1,255.54 kB[39m[22m[2m Ôöé gzip: 355.31 kB[22m
[2mdist/[22m[36massets/emulate-BVTEavBT.js         [39m[1m[33m1,311.27 kB[39m[22m[2m Ôöé gzip: 339.50 kB[22m
[2mdist/[22m[36massets/living_room-CVCYIB7e.js     [39m[1m[33m1,500.39 kB[39m[22m[2m Ôöé gzip: 516.29 kB[22m
[2mdist/[22m[36massets/music_room-DAOruTFO.js      [39m[1m[33m2,087.28 kB[39m[22m[2m Ôöé gzip: 715.05 kB[22m
node.exe : [33m
In C:\Program Files\nodejs\npm.ps1:29 Zeichen:3
+   & $NODE_EXE $NPM_CLI_JS $args
+   ~~~~~~~~~~~~~~~~~~~~~~~~~~~~~
    + CategoryInfo          : NotSpecified: ([33m:String) [], RemoteExcept 
   ion
    + FullyQualifiedErrorId : NativeCommandError
 
(!) Some chunks are larger than 500 kB after minification. Consider:
- Using dynamic import() to code-split the application
- Use build.rollupOptions.output.manualChunks to improve chunking: 
https://rollupjs.org/configuration-options/#output-manualchunks
- Adjust chunk size limit for this warning via 
build.chunkSizeWarningLimit.[39m
[32mÔ£ô built in 10.99s[39m
